=== contraction ===
  leaf under test: health heuristic
  reference: 1v1 solved to the end, 3000 iterations
  depth-limited solves: 1200 iterations at depths [1, 2, 4]
  94 positions, 3 depths, noise 0.50
  [1/94] truth -0.0240  heuristic +0.0000  333ms elapsed
  [2/94] truth +0.0240  heuristic -0.0167  435ms elapsed
  [3/94] truth -0.0213  heuristic +0.0000  569ms elapsed
  [4/94] truth -1.0000  heuristic +0.0000  923ms elapsed
  [5/94] truth -1.0000  heuristic +0.0000  2s elapsed
  [6/94] truth -1.0000  heuristic +0.1194  2s elapsed
  [7/94] truth +1.0000  heuristic +0.0000  2s elapsed
  [8/94] truth +1.0000  heuristic +0.0286  2s elapsed
  [9/94] truth +1.0000  heuristic +0.0571  3s elapsed
  [10/94] truth -1.0000  heuristic +0.0000  3s elapsed
  [11/94] truth -1.0000  heuristic -0.3667  3s elapsed
  [12/94] truth -0.6213  heuristic +0.0000  4s elapsed
  [13/94] truth +1.0000  heuristic -0.0339  4s elapsed
  [14/94] truth +1.0000  heuristic +0.0000  4s elapsed
  [15/94] truth -0.0213  heuristic +0.0000  5s elapsed
  [16/94] truth +1.0000  heuristic +0.1800  5s elapsed
  [17/94] truth -1.0000  heuristic +0.0000  5s elapsed
  [18/94] truth -1.0000  heuristic +0.6956  5s elapsed
  [19/94] truth -1.0000  heuristic +0.0000  6s elapsed
  [20/94] truth -1.0000  heuristic -0.0010  6s elapsed
  [21/94] truth -1.0000  heuristic -0.0224  6s elapsed
  [22/94] truth -1.0000  heuristic -0.1024  6s elapsed
  [23/94] truth -1.0000  heuristic +0.0000  10s elapsed
  [24/94] truth -1.0000  heuristic -0.0300  14s elapsed
  [25/94] truth -1.0000  heuristic -0.2900  15s elapsed
  [26/94] truth -1.0000  heuristic +0.3100  15s elapsed
  [27/94] truth -1.0000  heuristic +0.0000  17s elapsed
  [28/94] truth -1.0000  heuristic +0.1421  17s elapsed
  [29/94] truth +1.0000  heuristic +0.0000  17s elapsed
  [30/94] truth +1.0000  heuristic +0.0000  18s elapsed
  [31/94] truth +0.0118  heuristic +0.0000  22s elapsed
  [32/94] truth +0.0039  heuristic +0.0000  26s elapsed
  [33/94] truth -1.0000  heuristic +0.0667  27s elapsed
  [34/94] truth -1.0000  heuristic +0.0741  28s elapsed
  [35/94] truth -1.0000  heuristic +0.0000  29s elapsed
  [36/94] truth -1.0000  heuristic -0.3058  29s elapsed
  [37/94] truth -1.0000  heuristic -0.3116  29s elapsed
  [38/94] truth -1.0000  heuristic +0.0000  31s elapsed
  [39/94] truth -1.0000  heuristic -0.6972  32s elapsed
  [40/94] truth +1.0000  heuristic +0.0000  32s elapsed
  [41/94] truth +1.0000  heuristic +0.0130  32s elapsed
  [42/94] truth +1.0000  heuristic +0.0751  33s elapsed
  [43/94] truth -1.0000  heuristic +0.0000  33s elapsed
  [44/94] truth -1.0000  heuristic -0.0286  33s elapsed
  [45/94] truth -1.0000  heuristic +0.1750  33s elapsed
  [46/94] truth +1.0000  heuristic +0.0000  34s elapsed
  [47/94] truth +1.0000  heuristic +0.0010  34s elapsed
  [48/94] truth +1.0000  heuristic +0.0000  35s elapsed
  [49/94] truth +1.0000  heuristic +0.1272  35s elapsed
  [50/94] truth +1.0000  heuristic -0.1384  35s elapsed
  [51/94] truth -0.0311  heuristic +0.0000  37s elapsed
  [52/94] truth -0.7067  heuristic -0.1000  37s elapsed
  [53/94] truth -0.9240  heuristic -0.2000  38s elapsed
  [54/94] truth -1.0000  heuristic +0.0000  39s elapsed
  [55/94] truth -1.0000  heuristic -0.4381  39s elapsed
  [56/94] truth +1.0000  heuristic +0.0000  41s elapsed
  [57/94] truth +1.0000  heuristic +0.0985  41s elapsed
  [58/94] truth +1.0000  heuristic +0.3175  41s elapsed
  [59/94] truth +1.0000  heuristic +0.1158  41s elapsed
  [60/94] truth +1.0000  heuristic +0.0000  42s elapsed
  [61/94] truth +1.0000  heuristic +0.0500  42s elapsed
  [62/94] truth +1.0000  heuristic +0.0000  68s elapsed
  [63/94] discarded — no exact value
  [64/94] discarded — no exact value
  [65/94] truth +1.0000  heuristic -0.2633  111s elapsed
  [66/94] truth +1.0000  heuristic +0.0000  112s elapsed
  [67/94] truth +1.0000  heuristic +0.0750  113s elapsed
  [68/94] truth +1.0000  heuristic +0.1056  113s elapsed
  [69/94] truth +1.0000  heuristic +0.0778  113s elapsed
  [70/94] truth +1.0000  heuristic +0.0000  115s elapsed
  [71/94] truth +1.0000  heuristic +0.4381  115s elapsed
  [72/94] truth +0.0045  heuristic +0.0000  117s elapsed
  [73/94] truth -0.0426  heuristic -0.0333  118s elapsed
  [74/94] truth -0.0357  heuristic -0.0333  118s elapsed
  [75/94] truth +0.0019  heuristic -0.0333  119s elapsed
  [76/94] discarded — no exact value
  [77/94] truth +1.0000  heuristic +0.2575  154s elapsed
  [78/94] truth +1.0000  heuristic -0.0224  154s elapsed
  [79/94] truth +0.5973  heuristic +0.0000  155s elapsed
  [80/94] truth -1.0000  heuristic -0.6828  155s elapsed
  [81/94] truth -1.0000  heuristic -0.3497  155s elapsed
  [82/94] truth +1.0000  heuristic +0.0000  157s elapsed
  [83/94] truth +1.0000  heuristic +0.4303  158s elapsed
  [84/94] truth +1.0000  heuristic -0.2317  158s elapsed
  [85/94] truth -1.0000  heuristic +0.0000  158s elapsed
  [86/94] truth -1.0000  heuristic +0.1972  159s elapsed
  [87/94] truth -1.0000  heuristic -0.4733  159s elapsed
  [88/94] truth -1.0000  heuristic +0.0000  160s elapsed
  [89/94] truth -1.0000  heuristic -0.2190  161s elapsed
  [90/94] truth -1.0000  heuristic +0.0000  166s elapsed
  [91/94] truth -1.0000  heuristic -0.6069  167s elapsed
  [92/94] truth +0.0190  heuristic +0.0000  168s elapsed
  [93/94] truth +0.0000  heuristic +0.0000  168s elapsed
  [94/94] truth +0.0747  heuristic -0.2000  168s elapsed

91 positions (3 discarded as not searchable to the end)
spread of the true values (sd):  0.9070
raw heuristic:  RMS error 0.8690   R^2 +0.082    <- this is epsilon
injected leaf error, as applied at the horizon: RMS 0.2855

 depth    RMS err    gamma      R^2   moved by    floor    gamma_s  leaves/solve
     1     0.4779    0.550   +0.722     0.1345   0.0254      0.471      2044.8
     2     0.1184    0.136   +0.983     0.0271   0.0235      0.095      2548.1
     4     0.0198    0.023   +1.000     0.0108   0.0322      0.038      2683.5

gamma   = depth-k error / raw heuristic error   (<1: search beats guessing)
gamma_s = root movement / injected leaf error   (<<1: leaf work is wasted)
floor   = movement from reseeding alone; gamma_s is meaningless unless moved by >> floor
leaves/solve = horizon estimates per solve; a solve that reaches zero never used the leaf

total 168.0s
