warning: unused import: `switch_prediction_2v2`
   --> src/cfr/critic.rs:139:72
    |
139 | use crate::cfr::position::{known_answer_duel, mirror_duel, setup_duel, switch_prediction_2v2};
    |                                                                        ^^^^^^^^^^^^^^^^^^^^^
    |
    = note: `#[warn(unused_imports)]` (part of `#[warn(unused)]`) on by default

warning: `strat-optimizer` (lib) generated 1 warning (run `cargo fix --lib -p strat-optimizer` to apply 1 suggestion)
    Finished `release` profile [optimized] target(s) in 0.12s
     Running `target/release/deep horizon example_battles/six_asymmetric.json 0 1 0 1500 3 5 --leaf resource`
=== horizon: example_battles/six_asymmetric.json ===
  leaf under test: resource heuristic (health, boosts, status, volatiles)
  team zero: stonewarden, stonewarden, brackenox, thornbeast, mireling, cinderfox
  team one : gustling, mireling, mireling, cinderfox, cinderfox, thornbeast
  Zero options (9): stone edge | earth spike | iron press | guard | switch to stonewarden | switch to brackenox | switch to thornbeast | switch to mireling | switch to cinderfox
  One options (9): static jolt | frost bolt | dizzy ray | decoy | switch to mireling | switch to mireling | switch to cinderfox | switch to cinderfox | switch to thornbeast
  team zero slot 0 against slot 1, both versus team one slot 0
  1500 iterations, 3 paired seeds, depths [2, 3, 4, 5]

  depth  2: +0.0111 vs -0.0207   difference -0.0318 +/- 0.0011   1s
  depth  3: -0.0130 vs -0.0123   difference +0.0007 +/- 0.0008   13s
  depth  4: -0.0214 vs -0.0300   difference -0.0086 +/- 0.0012   119s
  depth  5: -0.0265 vs -0.0287   difference -0.0023 +/- 0.0016   2852s

A = stonewarden (slot one)
B = stonewarden (slot two)

 depth          A          B        B - A     +/- sd       leaves     secs
     2    +0.0111    -0.0207      -0.0318     0.0011       115639        1
     3    -0.0130    -0.0123      +0.0007     0.0008       991202       13
     4    -0.0214    -0.0300      -0.0086     0.0012      8280676      119
     5    -0.0265    -0.0287      -0.0023     0.0016     70087384     2852

B - A climbing with depth means the horizon was underpricing B.
Flat means B is simply the weaker lead. Ignore any move smaller than the sd.

total 2986.0s
